============================= test session starts =============================
platform win32 -- Python 3.11.9, pytest-9.0.3, pluggy-1.6.0
Using --randomly-seed=1190308611
rootdir: C:\Users\BBB\Fabric_4L
configfile: pytest.ini
plugins: anyio-4.13.0, Faker-40.19.1, hypothesis-6.152.11, langsmith-0.8.5, asyncio-1.3.0, cov-7.1.0, randomly-4.1.0, timeout-2.4.0, xdist-3.8.0, respx-0.23.1, schemathesis-4.20.0
asyncio: mode=Mode.AUTO, debug=False, asyncio_default_fixture_loop_scope=None, asyncio_default_test_loop_scope=function
timeout: 60.0s
timeout method: thread
timeout func_only: False
collected 3618 items / 22 errors / 6 skipped

=================================== ERRORS ====================================
_______ ERROR collecting tests/ci/test_layer3_settings_import_compat.py _______
ImportError while importing test module 'C:\Users\BBB\Fabric_4L\tests\ci\test_layer3_settings_import_compat.py'.
Hint: make sure your test modules/packages have valid Python names.
Traceback:
tests\ci\test_layer3_settings_import_compat.py:5: in <module>
    from src.config import Settings as ShimSettings
E   ImportError: cannot import name 'Settings' from 'src.config' (C:\Users\BBB\Fabric_4L\services\layer4-agents\src\config\__init__.py)
_ ERROR collecting tests/contract/test_context_engine_benchmarks_contract.py __
ImportError while importing test module 'C:\Users\BBB\Fabric_4L\tests\contract\test_context_engine_benchmarks_contract.py'.
Hint: make sure your test modules/packages have valid Python names.
Traceback:
tests\contract\test_context_engine_benchmarks_contract.py:2: in <module>
    from app.main import app
services\api\app\main.py:9: in <module>
    from app.routers import (
services\api\app\routers\accounts.py:10: in <module>
    from app.core.tenant_context import tenant_required
services\api\app\core\tenant_context.py:5: in <module>
    from app.core.security import TokenPayload, require_authenticated
services\api\app\core\security.py:14: in <module>
    from passlib.context import CryptContext
E   ModuleNotFoundError: No module named 'passlib'
__________ ERROR collecting tests/evals/test_valuepack_framework.py ___________
ImportError while importing test module 'C:\Users\BBB\Fabric_4L\tests\evals\test_valuepack_framework.py'.
Hint: make sure your test modules/packages have valid Python names.
Traceback:
tests\evals\test_valuepack_framework.py:19: in <module>
    from src.models.valuepack import (
E   ModuleNotFoundError: No module named 'src.models.valuepack'
_______ ERROR collecting tests/integration/test_data_export_journey.py ________
ImportError while importing test module 'C:\Users\BBB\Fabric_4L\tests\integration\test_data_export_journey.py'.
Hint: make sure your test modules/packages have valid Python names.
Traceback:
tests\integration\test_data_export_journey.py:14: in <module>
    from services.layer4_agents.src.services.export_provenance import build_export_provenance_manifest
E   ModuleNotFoundError: No module named 'services.layer4_agents'
__________ ERROR collecting tests/integration/test_message_queue.py ___________
ImportError while importing test module 'C:\Users\BBB\Fabric_4L\tests\integration\test_message_queue.py'.
Hint: make sure your test modules/packages have valid Python names.
Traceback:
tests\integration\test_message_queue.py:12: in <module>
    from value_fabric.shared.testing import mark
E   ModuleNotFoundError: No module named 'value_fabric.shared.testing'
________ ERROR collecting tests/layer3/test_api_rate_limit_contract.py ________
ImportError while importing test module 'C:\Users\BBB\Fabric_4L\tests\layer3\test_api_rate_limit_contract.py'.
Hint: make sure your test modules/packages have valid Python names.
Traceback:
services\layer3-knowledge\src\logging_config.py:11: in <module>
    from .config import Settings, get_settings
E   ImportError: attempted relative import with no known parent package

During handling of the above exception, another exception occurred:
tests\layer3\test_api_rate_limit_contract.py:5: in <module>
    from src.api.rate_limiter import RateLimiter, TenantRateLimiter
services\layer3-knowledge\src\api\rate_limiter.py:26: in <module>
    from logging_config import get_logger
services\layer3-knowledge\src\logging_config.py:14: in <module>
    from config import Settings, get_settings
E   ImportError: cannot import name 'Settings' from 'config' (C:\Users\BBB\Fabric_4L\services\layer4-agents\src\config\__init__.py)
_______ ERROR collecting tests/layer3/test_endpoint_tenant_isolation.py _______
ImportError while importing test module 'C:\Users\BBB\Fabric_4L\tests\layer3\test_endpoint_tenant_isolation.py'.
Hint: make sure your test modules/packages have valid Python names.
Traceback:
services\layer3-knowledge\src\logging_config.py:11: in <module>
    from .config import Settings, get_settings
E   ImportError: attempted relative import with no known parent package

During handling of the above exception, another exception occurred:
tests\layer3\test_endpoint_tenant_isolation.py:11: in <module>
    from src.api.routes import entities, query_search
services\layer3-knowledge\src\api\routes\entities.py:25: in <module>
    from logging_config import get_logger
services\layer3-knowledge\src\logging_config.py:14: in <module>
    from config import Settings, get_settings
E   ImportError: cannot import name 'Settings' from 'config' (C:\Users\BBB\Fabric_4L\services\layer4-agents\src\config\__init__.py)
_______ ERROR collecting tests/layer3/test_error_handling_regression.py _______
ImportError while importing test module 'C:\Users\BBB\Fabric_4L\tests\layer3\test_error_handling_regression.py'.
Hint: make sure your test modules/packages have valid Python names.
Traceback:
tests\layer3\test_error_handling_regression.py:8: in <module>
    from src.api.routes import query_search, system
services\layer3-knowledge\src\api\routes\system.py:45: in <module>
    from config import get_settings
E   ImportError: cannot import name 'get_settings' from 'config' (C:\Users\BBB\Fabric_4L\services\layer4-agents\src\config\__init__.py)
___ ERROR collecting tests/layer3/test_graph_repository_tenant_contracts.py ___
ImportError while importing test module 'C:\Users\BBB\Fabric_4L\tests\layer3\test_graph_repository_tenant_contracts.py'.
Hint: make sure your test modules/packages have valid Python names.
Traceback:
tests\layer3\test_graph_repository_tenant_contracts.py:13: in <module>
    from src.retrieval.hybrid_search import HybridSearch
services\layer3-knowledge\src\retrieval\__init__.py:3: in <module>
    from ..retrieval.graph_rag import GraphRAGEngine, GraphRAGResult
services\layer3-knowledge\src\retrieval\graph_rag.py:15: in <module>
    from ..config import Settings, get_settings
E   ImportError: cannot import name 'Settings' from 'src.config' (C:\Users\BBB\Fabric_4L\services\layer4-agents\src\config\__init__.py)
_______ ERROR collecting tests/layer3/test_models_error_sanitization.py _______
ImportError while importing test module 'C:\Users\BBB\Fabric_4L\tests\layer3\test_models_error_sanitization.py'.
Hint: make sure your test modules/packages have valid Python names.
Traceback:
tests\layer3\test_models_error_sanitization.py:5: in <module>
    from src.api.routes import models
services\layer3-knowledge\src\api\routes\models.py:7: in <module>
    from api.auth_context import _get_tenant_context  # noqa: F401
    ^^^^^^^^^^^^^^^^^^^^^^^^^^^^^^^^^^^^^^^^^^^^^^^^
E   ModuleNotFoundError: No module named 'api.auth_context'
____________ ERROR collecting tests/layer3/test_typed_payloads.py _____________
ImportError while importing test module 'C:\Users\BBB\Fabric_4L\tests\layer3\test_typed_payloads.py'.
Hint: make sure your test modules/packages have valid Python names.
Traceback:
tests\layer3\test_typed_payloads.py:5: in <module>
    from src.analytics.manager import AnalyticsConfig, AnalyticsEvent, AnalyticsManager
services\layer3-knowledge\src\analytics\__init__.py:4: in <module>
    from ..analytics.centrality import CentralityAnalyzer
services\layer3-knowledge\src\analytics\centrality.py:11: in <module>
    from config import Settings, get_settings
E   ImportError: cannot import name 'Settings' from 'config' (C:\Users\BBB\Fabric_4L\services\layer4-agents\src\config\__init__.py)
_ ERROR collecting tests/layer3/test_variables_tenant_context_fail_closed.py __
ImportError while importing test module 'C:\Users\BBB\Fabric_4L\tests\layer3\test_variables_tenant_context_fail_closed.py'.
Hint: make sure your test modules/packages have valid Python names.
Traceback:
services\layer3-knowledge\src\logging_config.py:11: in <module>
    from .config import Settings, get_settings
E   ImportError: attempted relative import with no known parent package

During handling of the above exception, another exception occurred:
tests\layer3\test_variables_tenant_context_fail_closed.py:9: in <module>
    from src.api.routes import variables
services\layer3-knowledge\src\api\routes\variables.py:26: in <module>
    from logging_config import get_logger
services\layer3-knowledge\src\logging_config.py:14: in <module>
    from config import Settings, get_settings
E   ImportError: cannot import name 'Settings' from 'config' (C:\Users\BBB\Fabric_4L\services\layer4-agents\src\config\__init__.py)
__________ ERROR collecting tests/security/test_audit_retry_queue.py __________
ImportError while importing test module 'C:\Users\BBB\Fabric_4L\tests\security\test_audit_retry_queue.py'.
Hint: make sure your test modules/packages have valid Python names.
Traceback:
tests\security\test_audit_retry_queue.py:20: in <module>
    from value_fabric.shared.audit.redis_queue import (
E   ImportError: cannot import name '_DEAD_LETTER_KEY' from 'value_fabric.shared.audit.redis_queue' (C:\Users\BBB\Fabric_4L\packages\shared\src\value_fabric\shared\audit\redis_queue.py)
_________ ERROR collecting tests/security/test_auth_rate_limiting.py __________
ImportError while importing test module 'C:\Users\BBB\Fabric_4L\tests\security\test_auth_rate_limiting.py'.
Hint: make sure your test modules/packages have valid Python names.
Traceback:
tests\security\test_auth_rate_limiting.py:10: in <module>
    from services.layer4_agents.src.tenants.api.routes import oidc
E   ModuleNotFoundError: No module named 'services.layer4_agents'
_______ ERROR collecting tests/security/test_auth_session_hijacking.py ________
ImportError while importing test module 'C:\Users\BBB\Fabric_4L\tests\security\test_auth_session_hijacking.py'.
Hint: make sure your test modules/packages have valid Python names.
Traceback:
tests\security\test_auth_session_hijacking.py:22: in <module>
    from services.layer4_agents.src.tenants.api.routes import oidc
E   ModuleNotFoundError: No module named 'services.layer4_agents'
__ ERROR collecting tests/security/test_benchmarks_cross_tenant_isolation.py __
ImportError while importing test module 'C:\Users\BBB\Fabric_4L\tests\security\test_benchmarks_cross_tenant_isolation.py'.
Hint: make sure your test modules/packages have valid Python names.
Traceback:
services\layer3-knowledge\src\logging_config.py:11: in <module>
    from .config import Settings, get_settings
E   ImportError: attempted relative import with no known parent package

During handling of the above exception, another exception occurred:
tests\security\test_benchmarks_cross_tenant_isolation.py:21: in <module>
    from src.api.routes.benchmarks import _get_authenticated_tenant_id
services\layer3-knowledge\src\api\routes\benchmarks.py:22: in <module>
    from logging_config import get_logger
services\layer3-knowledge\src\logging_config.py:14: in <module>
    from config import Settings, get_settings
E   ImportError: cannot import name 'Settings' from 'config' (C:\Users\BBB\Fabric_4L\services\layer4-agents\src\config\__init__.py)
_________ ERROR collecting tests/security/test_csrf_comprehensive.py __________
ImportError while importing test module 'C:\Users\BBB\Fabric_4L\tests\security\test_csrf_comprehensive.py'.
Hint: make sure your test modules/packages have valid Python names.
Traceback:
tests\security\test_csrf_comprehensive.py:12: in <module>
    from services.layer4_agents.src.api.security.csrf import validate_double_submit
E   ModuleNotFoundError: No module named 'services.layer4_agents'
_ ERROR collecting tests/security/test_formula_governance_cross_tenant_isolation.py _
ImportError while importing test module 'C:\Users\BBB\Fabric_4L\tests\security\test_formula_governance_cross_tenant_isolation.py'.
Hint: make sure your test modules/packages have valid Python names.
Traceback:
services\layer3-knowledge\src\logging_config.py:11: in <module>
    from .config import Settings, get_settings
E   ImportError: attempted relative import with no known parent package

During handling of the above exception, another exception occurred:
tests\security\test_formula_governance_cross_tenant_isolation.py:21: in <module>
    from src.api.routes.formula_governance import _get_authenticated_tenant_id
services\layer3-knowledge\src\api\routes\formula_governance.py:24: in <module>
    from logging_config import get_logger
services\layer3-knowledge\src\logging_config.py:14: in <module>
    from config import Settings, get_settings
E   ImportError: cannot import name 'Settings' from 'config' (C:\Users\BBB\Fabric_4L\services\layer4-agents\src\config\__init__.py)
___ ERROR collecting tests/security/test_graph_tenant_hostile_regression.py ___
ImportError while importing test module 'C:\Users\BBB\Fabric_4L\tests\security\test_graph_tenant_hostile_regression.py'.
Hint: make sure your test modules/packages have valid Python names.
Traceback:
tests\security\test_graph_tenant_hostile_regression.py:5: in <module>
    from services.competitive_intel_service import (
E   ModuleNotFoundError: No module named 'services.competitive_intel_service'
_ ERROR collecting tests/security/test_layer3_similarity_roi_tenant_isolation.py _
ImportError while importing test module 'C:\Users\BBB\Fabric_4L\tests\security\test_layer3_similarity_roi_tenant_isolation.py'.
Hint: make sure your test modules/packages have valid Python names.
Traceback:
tests\security\test_layer3_similarity_roi_tenant_isolation.py:6: in <module>
    from src.agents.roi_calculation import ROICalculationAgent
E   ModuleNotFoundError: No module named 'src.agents.roi_calculation'
___ ERROR collecting tests/security/test_neo4j_tenant_query_enforcement.py ____
ImportError while importing test module 'C:\Users\BBB\Fabric_4L\tests\security\test_neo4j_tenant_query_enforcement.py'.
Hint: make sure your test modules/packages have valid Python names.
Traceback:
tests\security\test_neo4j_tenant_query_enforcement.py:19: in <module>
    from src.api.dependencies import _extract_tenant_id as dependency_extract_tenant_id
services\layer3-knowledge\src\api\dependencies.py:22: in <module>
    from analytics import (
services\layer3-knowledge\src\analytics\__init__.py:4: in <module>
    from ..analytics.centrality import CentralityAnalyzer
E   ImportError: attempted relative import beyond top-level package
______ ERROR collecting tests/security/test_tenant_validation_metrics.py ______
ImportError while importing test module 'C:\Users\BBB\Fabric_4L\tests\security\test_tenant_validation_metrics.py'.
Hint: make sure your test modules/packages have valid Python names.
Traceback:
tests\security\test_tenant_validation_metrics.py:10: in <module>
    db = importlib.import_module("database")
         ^^^^^^^^^^^^^^^^^^^^^^^^^^^^^^^^^^^
C:\Program Files\Python311\Lib\importlib\__init__.py:126: in import_module
    return _bootstrap._gcd_import(name[level:], package, level)
           ^^^^^^^^^^^^^^^^^^^^^^^^^^^^^^^^^^^^^^^^^^^^^^^^^^^^
services\layer4-agents\src\database.py:27: in <module>
    from .config.settings import get_settings
E   ImportError: attempted relative import with no known parent package
============================== warnings summary ===============================
..\AppData\Roaming\Python\Python311\site-packages\pydantic\main.py:263
  C:\Users\BBB\AppData\Roaming\Python\Python311\site-packages\pydantic\main.py:263: RuntimeWarning: JWT_SECRET not set in development. Using random secret (sessions will not persist across restarts).
    validated_self = self.__pydantic_validator__.validate_python(data, self_instance=self)

..\AppData\Roaming\Python\Python311\site-packages\pydantic\main.py:263
  C:\Users\BBB\AppData\Roaming\Python\Python311\site-packages\pydantic\main.py:263: RuntimeWarning: API_KEY_HMAC_SECRET not set in development. Using random secret (API keys will not persist across restarts).
    validated_self = self.__pydantic_validator__.validate_python(data, self_instance=self)

-- Docs: https://docs.pytest.org/en/stable/how-to/capture-warnings.html
=========================== short test summary info ===========================
ERROR tests/ci/test_layer3_settings_import_compat.py
ERROR tests/contract/test_context_engine_benchmarks_contract.py
ERROR tests/evals/test_valuepack_framework.py
ERROR tests/integration/test_data_export_journey.py
ERROR tests/integration/test_message_queue.py
ERROR tests/layer3/test_api_rate_limit_contract.py
ERROR tests/layer3/test_endpoint_tenant_isolation.py
ERROR tests/layer3/test_error_handling_regression.py
ERROR tests/layer3/test_graph_repository_tenant_contracts.py
ERROR tests/layer3/test_models_error_sanitization.py
ERROR tests/layer3/test_typed_payloads.py
ERROR tests/layer3/test_variables_tenant_context_fail_closed.py
ERROR tests/security/test_audit_retry_queue.py
ERROR tests/security/test_auth_rate_limiting.py
ERROR tests/security/test_auth_session_hijacking.py
ERROR tests/security/test_benchmarks_cross_tenant_isolation.py
ERROR tests/security/test_csrf_comprehensive.py
ERROR tests/security/test_formula_governance_cross_tenant_isolation.py
ERROR tests/security/test_graph_tenant_hostile_regression.py
ERROR tests/security/test_layer3_similarity_roi_tenant_isolation.py
ERROR tests/security/test_neo4j_tenant_query_enforcement.py
ERROR tests/security/test_tenant_validation_metrics.py
!!!!!!!!!!!!!!!!!! Interrupted: 22 errors during collection !!!!!!!!!!!!!!!!!!!
================= 6 skipped, 2 warnings, 22 errors in 27.72s ==================
